
> roomrental@0.0.0 build
> vite build

[36mvite v7.3.0 [32mbuilding client environment for production...[36m[39m
transforming...
[32mΓ£ô[39m 268 modules transformed.
node.exe : [31mΓ£ù[39m 
Build failed in 459ms
At line:1 char:1
+ & "C:\Program 
Files\nodejs/node.exe" 
"C:\Program 
Files\nodejs/node_mo ...
+ ~~~~~~~~~~~~~~~~~~~~~~~~~~
~~~~~~~~~~~~~~~~~~~~~~~~~~~~
~~~~~~~~~~~~~~~
    + CategoryInfo          
    : NotSpecified: ([31m  
  Γ£ù[39m Build failed i   
 n 459ms:String) [], Rem    
oteException
    + FullyQualifiedErrorId 
    : NativeCommandError
 
[31merror during build:
[31m[vite:esbuild] 
Transform failed with 1 
error:
D:/laragon/www/TesJulFull/ro
om-rent-100-ui/src/page/dash
board/Overview.jsx:289:111: 
ERROR: Expected ">" but 
found "translate"[31m
file: [36mD:/laragon/www/Te
sJulFull/room-rent-100-ui/sr
c/page/dashboard/Overview.js
x:289:111[31m
[33m
[33mExpected ">" but found 
"translate"[33m
287 |              </Text>
288 |            </Box>
289 |  ...er={<Box 
borderBottom="1px" borderCol
or={itemBorderColor} / 
translate="no">}>
    |                       
                            
              ^
290 |              
{upcomingLeaseEnds?.length 
> 0 ? (
291 |                upcomin
gLeaseEnds.map((lease) => (
[31m
    at failureErrorWithLog (
D:\laragon\www\TesJulFull\ro
om-rent-100-ui\node_modules\
esbuild\lib\main.js:1467:15)
    at D:\laragon\www\TesJul
Full\room-rent-100-ui\node_m
odules\esbuild\lib\main.js:7
36:50
    at responseCallbacks.<co
mputed> (D:\laragon\www\TesJ
ulFull\room-rent-100-ui\node
_modules\esbuild\lib\main.js
:603:9)
    at handleIncomingPacket 
(D:\laragon\www\TesJulFull\r
oom-rent-100-ui\node_modules
\esbuild\lib\main.js:658:12)
    at 
Socket.readFromStdout (D:\la
ragon\www\TesJulFull\room-re
nt-100-ui\node_modules\esbui
ld\lib\main.js:581:7)
    at Socket.emit 
(node:events:508:28)
    at addChunk (node:intern
al/streams/readable:559:12)
    at readableAddChunkPushB
yteMode (node:internal/strea
ms/readable:510:3)
    at Readable.push (node:i
nternal/streams/readable:390
:5)
    at Pipe.onStreamRead (no
de:internal/stream_base_comm
ons:189:23)[39m
